starting marketfeed run (offline) config=/var/folders/g6/mrhqfgk15_d2gjj52991r1jr0000gn/T/tmp.3wGy0uIIeZ bind=127.0.0.1:19128 soak=900s
{"timestamp":"2026-07-22T12:23:49.752048Z","level":"INFO","fields":{"message":"marketfeed daemon starting","config":"/var/folders/g6/mrhqfgk15_d2gjj52991r1jr0000gn/T/tmp.3wGy0uIIeZ","bind":"127.0.0.1:19128","venues":1,"private_binance_spot":false,"private_okx_spot":false,"private_bybit_spot":false,"recording":false,"runtime_profile":"portable"},"target":"marketfeed"}
{"timestamp":"2026-07-22T12:23:49.752959Z","level":"INFO","fields":{"message":"health endpoints listening","addr":"127.0.0.1:19128"},"target":"marketfeed"}
{"timestamp":"2026-07-22T12:23:49.753238Z","level":"INFO","fields":{"message":"engine supervisor running","lifecycle":"running"},"target":"marketfeed_engine::supervisor"}
{"timestamp":"2026-07-22T12:23:49.753716Z","level":"INFO","fields":{"message":"synthetic venue live (memory)","id":"synthetic-demo"},"target":"marketfeed_daemon::run"}
health ok: /live=200 /ready=200
metrics gate ok
soaking 900s (offline synthetic)
rss_sample t=1s rss_kb=9712 /live=200 /ready=200
rss_sample t=31s rss_kb=7552 /live=200 /ready=200
rss_sample t=61s rss_kb=7552 /live=200 /ready=200
rss_sample t=91s rss_kb=7552 /live=200 /ready=200
rss_sample t=121s rss_kb=7472 /live=200 /ready=200
rss_sample t=151s rss_kb=7488 /live=200 /ready=200
rss_sample t=181s rss_kb=7488 /live=200 /ready=200
rss_sample t=211s rss_kb=7488 /live=200 /ready=200
rss_sample t=241s rss_kb=7488 /live=200 /ready=200
rss_sample t=271s rss_kb=7488 /live=200 /ready=200
rss_sample t=301s rss_kb=7488 /live=200 /ready=200
rss_sample t=331s rss_kb=7488 /live=200 /ready=200
rss_sample t=361s rss_kb=7488 /live=200 /ready=200
rss_sample t=391s rss_kb=7520 /live=200 /ready=200
rss_sample t=421s rss_kb=7520 /live=200 /ready=200
rss_sample t=451s rss_kb=7520 /live=200 /ready=200
rss_sample t=481s rss_kb=7488 /live=200 /ready=200
rss_sample t=511s rss_kb=7488 /live=200 /ready=200
rss_sample t=541s rss_kb=7488 /live=200 /ready=200
rss_sample t=571s rss_kb=7488 /live=200 /ready=200
rss_sample t=601s rss_kb=7488 /live=200 /ready=200
rss_sample t=631s rss_kb=7488 /live=200 /ready=200
rss_sample t=661s rss_kb=7488 /live=200 /ready=200
rss_sample t=691s rss_kb=7488 /live=200 /ready=200
rss_sample t=721s rss_kb=7488 /live=200 /ready=200
rss_sample t=751s rss_kb=7488 /live=200 /ready=200
rss_sample t=781s rss_kb=7488 /live=200 /ready=200
rss_sample t=811s rss_kb=7488 /live=200 /ready=200
rss_sample t=841s rss_kb=7488 /live=200 /ready=200
rss_sample t=871s rss_kb=7488 /live=200 /ready=200
rss_sample t=901s rss_kb=7488 /live=200 /ready=200
sending SIGTERM for graceful drain
{"timestamp":"2026-07-22T12:38:49.417259Z","level":"INFO","fields":{"message":"shutdown signal received","deadline_secs":5},"target":"marketfeed"}
{"timestamp":"2026-07-22T12:38:49.418015Z","level":"INFO","fields":{"message":"all venue tasks joined"},"target":"marketfeed"}
{"timestamp":"2026-07-22T12:38:49.418041Z","level":"INFO","fields":{"message":"marketfeed daemon stopped"},"target":"marketfeed"}
offline daemon e2e passed (clean exit)
