2026-07-22T05:54:54Z wait=1 live=200 ready=200
READY_OK
=== soak start 2026-07-22T05:55:02Z ===
2026-07-22T05:55:12Z soak=1 live=200 ready=200 metrics=[# HELP marketfeed_up 1 if process/supervisor is live # TYPE marketfeed_up gauge marketfeed_up 1 # HELP marketfeed_ready 1 if readiness policy is satisfied # TYPE marketfeed_ready gauge marketfeed_ready 1 # HELP marketfeed_live_sessions Current live session count # TYPE marketfeed_live_sessions gauge marketfeed_live_sessions 2 # HELP marketfeed_frames_received_total Inbound frames # TYPE marketfeed_frames_received_total counter marketfeed_frames_received_total 4329 # HELP marketfeed_events_dispatched_total Accepted dispatch batches # TYPE marketfeed_events_dispatched_total counter marketfeed_events_dispatched_total 4324 # HELP marketfeed_queue_overflows_total Queue overflow incidents # TYPE marketfeed_queue_overflows_total counter marketfeed_queue_overflows_total 0 # HELP marketfeed_events_dropped_total Dropped events/batches by overflow policy # TYPE marketfeed_events_dropped_total counter marketfeed_events_dropped_total 0 ]
2026-07-22T05:55:22Z soak=2 live=200 ready=200 metrics=[# HELP marketfeed_up 1 if process/supervisor is live # TYPE marketfeed_up gauge marketfeed_up 1 # HELP marketfeed_ready 1 if readiness policy is satisfied # TYPE marketfeed_ready gauge marketfeed_ready 1 # HELP marketfeed_live_sessions Current live session count # TYPE marketfeed_live_sessions gauge marketfeed_live_sessions 2 # HELP marketfeed_frames_received_total Inbound frames # TYPE marketfeed_frames_received_total counter marketfeed_frames_received_total 5962 # HELP marketfeed_events_dispatched_total Accepted dispatch batches # TYPE marketfeed_events_dispatched_total counter marketfeed_events_dispatched_total 5957 # HELP marketfeed_queue_overflows_total Queue overflow incidents # TYPE marketfeed_queue_overflows_total counter marketfeed_queue_overflows_total 0 # HELP marketfeed_events_dropped_total Dropped events/batches by overflow policy # TYPE marketfeed_events_dropped_total counter marketfeed_events_dropped_total 0 ]
2026-07-22T05:55:32Z soak=3 live=200 ready=200 metrics=[# HELP marketfeed_up 1 if process/supervisor is live # TYPE marketfeed_up gauge marketfeed_up 1 # HELP marketfeed_ready 1 if readiness policy is satisfied # TYPE marketfeed_ready gauge marketfeed_ready 1 # HELP marketfeed_live_sessions Current live session count # TYPE marketfeed_live_sessions gauge marketfeed_live_sessions 2 # HELP marketfeed_frames_received_total Inbound frames # TYPE marketfeed_frames_received_total counter marketfeed_frames_received_total 6784 # HELP marketfeed_events_dispatched_total Accepted dispatch batches # TYPE marketfeed_events_dispatched_total counter marketfeed_events_dispatched_total 6777 # HELP marketfeed_queue_overflows_total Queue overflow incidents # TYPE marketfeed_queue_overflows_total counter marketfeed_queue_overflows_total 0 # HELP marketfeed_events_dropped_total Dropped events/batches by overflow policy # TYPE marketfeed_events_dropped_total counter marketfeed_events_dropped_total 0 ]
2026-07-22T05:55:42Z soak=4 live=200 ready=200 metrics=[# HELP marketfeed_up 1 if process/supervisor is live # TYPE marketfeed_up gauge marketfeed_up 1 # HELP marketfeed_ready 1 if readiness policy is satisfied # TYPE marketfeed_ready gauge marketfeed_ready 1 # HELP marketfeed_live_sessions Current live session count # TYPE marketfeed_live_sessions gauge marketfeed_live_sessions 2 # HELP marketfeed_frames_received_total Inbound frames # TYPE marketfeed_frames_received_total counter marketfeed_frames_received_total 8280 # HELP marketfeed_events_dispatched_total Accepted dispatch batches # TYPE marketfeed_events_dispatched_total counter marketfeed_events_dispatched_total 8273 # HELP marketfeed_queue_overflows_total Queue overflow incidents # TYPE marketfeed_queue_overflows_total counter marketfeed_queue_overflows_total 0 # HELP marketfeed_events_dropped_total Dropped events/batches by overflow policy # TYPE marketfeed_events_dropped_total counter marketfeed_events_dropped_total 0 ]
2026-07-22T05:55:52Z soak=5 live=200 ready=200 metrics=[# HELP marketfeed_up 1 if process/supervisor is live # TYPE marketfeed_up gauge marketfeed_up 1 # HELP marketfeed_ready 1 if readiness policy is satisfied # TYPE marketfeed_ready gauge marketfeed_ready 1 # HELP marketfeed_live_sessions Current live session count # TYPE marketfeed_live_sessions gauge marketfeed_live_sessions 2 # HELP marketfeed_frames_received_total Inbound frames # TYPE marketfeed_frames_received_total counter marketfeed_frames_received_total 10051 # HELP marketfeed_events_dispatched_total Accepted dispatch batches # TYPE marketfeed_events_dispatched_total counter marketfeed_events_dispatched_total 10042 # HELP marketfeed_queue_overflows_total Queue overflow incidents # TYPE marketfeed_queue_overflows_total counter marketfeed_queue_overflows_total 0 # HELP marketfeed_events_dropped_total Dropped events/batches by overflow policy # TYPE marketfeed_events_dropped_total counter marketfeed_events_dropped_total 0 ]
2026-07-22T05:56:02Z soak=6 live=200 ready=200 metrics=[# HELP marketfeed_up 1 if process/supervisor is live # TYPE marketfeed_up gauge marketfeed_up 1 # HELP marketfeed_ready 1 if readiness policy is satisfied # TYPE marketfeed_ready gauge marketfeed_ready 1 # HELP marketfeed_live_sessions Current live session count # TYPE marketfeed_live_sessions gauge marketfeed_live_sessions 2 # HELP marketfeed_frames_received_total Inbound frames # TYPE marketfeed_frames_received_total counter marketfeed_frames_received_total 11490 # HELP marketfeed_events_dispatched_total Accepted dispatch batches # TYPE marketfeed_events_dispatched_total counter marketfeed_events_dispatched_total 11481 # HELP marketfeed_queue_overflows_total Queue overflow incidents # TYPE marketfeed_queue_overflows_total counter marketfeed_queue_overflows_total 0 # HELP marketfeed_events_dropped_total Dropped events/batches by overflow policy # TYPE marketfeed_events_dropped_total counter marketfeed_events_dropped_total 0 ]
2026-07-22T05:56:12Z soak=7 live=200 ready=200 metrics=[# HELP marketfeed_up 1 if process/supervisor is live # TYPE marketfeed_up gauge marketfeed_up 1 # HELP marketfeed_ready 1 if readiness policy is satisfied # TYPE marketfeed_ready gauge marketfeed_ready 1 # HELP marketfeed_live_sessions Current live session count # TYPE marketfeed_live_sessions gauge marketfeed_live_sessions 2 # HELP marketfeed_frames_received_total Inbound frames # TYPE marketfeed_frames_received_total counter marketfeed_frames_received_total 14199 # HELP marketfeed_events_dispatched_total Accepted dispatch batches # TYPE marketfeed_events_dispatched_total counter marketfeed_events_dispatched_total 14188 # HELP marketfeed_queue_overflows_total Queue overflow incidents # TYPE marketfeed_queue_overflows_total counter marketfeed_queue_overflows_total 0 # HELP marketfeed_events_dropped_total Dropped events/batches by overflow policy # TYPE marketfeed_events_dropped_total counter marketfeed_events_dropped_total 0 ]
2026-07-22T05:56:22Z soak=8 live=200 ready=200 metrics=[# HELP marketfeed_up 1 if process/supervisor is live # TYPE marketfeed_up gauge marketfeed_up 1 # HELP marketfeed_ready 1 if readiness policy is satisfied # TYPE marketfeed_ready gauge marketfeed_ready 1 # HELP marketfeed_live_sessions Current live session count # TYPE marketfeed_live_sessions gauge marketfeed_live_sessions 2 # HELP marketfeed_frames_received_total Inbound frames # TYPE marketfeed_frames_received_total counter marketfeed_frames_received_total 15633 # HELP marketfeed_events_dispatched_total Accepted dispatch batches # TYPE marketfeed_events_dispatched_total counter marketfeed_events_dispatched_total 15622 # HELP marketfeed_queue_overflows_total Queue overflow incidents # TYPE marketfeed_queue_overflows_total counter marketfeed_queue_overflows_total 0 # HELP marketfeed_events_dropped_total Dropped events/batches by overflow policy # TYPE marketfeed_events_dropped_total counter marketfeed_events_dropped_total 0 ]
2026-07-22T05:56:32Z soak=9 live=200 ready=200 metrics=[# HELP marketfeed_up 1 if process/supervisor is live # TYPE marketfeed_up gauge marketfeed_up 1 # HELP marketfeed_ready 1 if readiness policy is satisfied # TYPE marketfeed_ready gauge marketfeed_ready 1 # HELP marketfeed_live_sessions Current live session count # TYPE marketfeed_live_sessions gauge marketfeed_live_sessions 2 # HELP marketfeed_frames_received_total Inbound frames # TYPE marketfeed_frames_received_total counter marketfeed_frames_received_total 16711 # HELP marketfeed_events_dispatched_total Accepted dispatch batches # TYPE marketfeed_events_dispatched_total counter marketfeed_events_dispatched_total 16698 # HELP marketfeed_queue_overflows_total Queue overflow incidents # TYPE marketfeed_queue_overflows_total counter marketfeed_queue_overflows_total 0 # HELP marketfeed_events_dropped_total Dropped events/batches by overflow policy # TYPE marketfeed_events_dropped_total counter marketfeed_events_dropped_total 0 ]
=== soak end 2026-07-22T05:56:32Z ===
=== graceful SIGTERM 2026-07-22T05:56:41Z ===
MF_PID=71426 shell=71403
stopped after 2s
=== post-stop log markers ===
7:{"timestamp":"2026-07-22T05:{"timestamp":"2026-07-22T05:56:41.520791Z","level":"INFO","fields":{"message":"shutdown signal received","deadline_secs":15},"target":"marketfeed"}
10:{"timestamp":"2026-07-22T05:56:41.531229Z","level":"INFO","fields":{"message":"venue session stopped cleanly","id":"binance-spot"},"target":"marketfeed_daemon::run"}
11:{"timestamp":"2026-07-22T05:56:41.552111Z","level":"INFO","fields":{"message":"venue session stopped cleanly","id":"okx-spot"},"target":"marketfeed_daemon::run"}
13:{"timestamp":"2026-07-22T05:56:41.552153Z","level":"INFO","fields":{"message":"marketfeed daemon stopped"},"target":"marketfeed"}
=== final metrics snapshot already at daemon_metrics_pre_stop.txt ===
# HELP marketfeed_up 1 if process/supervisor is live
# TYPE marketfeed_up gauge
marketfeed_up 1
# HELP marketfeed_ready 1 if readiness policy is satisfied
# TYPE marketfeed_ready gauge
marketfeed_ready 1
# HELP marketfeed_live_sessions Current live session count
# TYPE marketfeed_live_sessions gauge
marketfeed_live_sessions 2
# HELP marketfeed_frames_received_total Inbound frames
# TYPE marketfeed_frames_received_total counter
marketfeed_frames_received_total 16713
# HELP marketfeed_events_dispatched_total Accepted dispatch batches
# TYPE marketfeed_events_dispatched_total counter
marketfeed_events_dispatched_total 16700
# HELP marketfeed_queue_overflows_total Queue overflow incidents
# TYPE marketfeed_queue_overflows_total counter
marketfeed_queue_overflows_total 0
# HELP marketfeed_events_dropped_total Dropped events/batches by overflow policy
# TYPE marketfeed_events_dropped_total counter
marketfeed_events_dropped_total 0
