   Compiling proc-macro2 v1.0.107
   Compiling unicode-ident v1.0.24
   Compiling quote v1.0.47
   Compiling libc v0.2.188
   Compiling bytes v1.12.1
   Compiling pin-project-lite v0.2.17
   Compiling itoa v1.0.18
   Compiling stable_deref_trait v1.2.1
   Compiling cfg-if v1.0.4
   Compiling futures-core v0.3.33
   Compiling thiserror v2.0.19
   Compiling find-msvc-tools v0.1.9
   Compiling once_cell v1.21.4
   Compiling shlex v2.0.1
   Compiling zeroize v1.9.0
   Compiling futures-sink v0.3.33
   Compiling litemap v0.8.2
   Compiling slab v0.4.12
   Compiling smallvec v1.15.2
   Compiling rustls-pki-types v1.15.0
   Compiling cc v1.3.0
   Compiling version_check v0.9.5
   Compiling writeable v0.6.3
   Compiling httparse v1.10.1
   Compiling icu_properties_data v2.2.0
   Compiling utf8_iter v1.0.4
   Compiling untrusted v0.9.0
   Compiling serde_core v1.0.229
   Compiling icu_normalizer_data v2.2.0
   Compiling tracing-core v0.1.36
   Compiling zerocopy v0.8.55
   Compiling rustls v0.23.42
   Compiling typenum v1.20.1
   Compiling futures-task v0.3.33
   Compiling percent-encoding v2.3.2
   Compiling getrandom v0.3.4
   Compiling generic-array v0.14.7
   Compiling futures-util v0.3.33
   Compiling equivalent v1.0.2
   Compiling hashbrown v0.17.1
   Compiling subtle v2.6.1
   Compiling try-lock v0.2.5
   Compiling fnv v1.0.7
   Compiling atomic-waker v1.1.2
   Compiling serde v1.0.229
   Compiling tower-service v0.3.3
   Compiling want v0.3.1
   Compiling webpki-roots v1.0.9
   Compiling form_urlencoded v1.2.2
   Compiling futures-channel v0.3.33
   Compiling zmij v1.0.23
   Compiling sync_wrapper v1.0.2
   Compiling base64 v0.22.1
   Compiling tower-layer v0.3.3
   Compiling http v1.4.2
   Compiling ipnet v2.12.0
   Compiling serde_json v1.0.151
   Compiling log v0.4.33
   Compiling syn v2.0.119
   Compiling syn v3.0.2
   Compiling mio v1.2.2
   Compiling socket2 v0.6.5
   Compiling getrandom v0.2.17
   Compiling cpufeatures v0.2.17
   Compiling rand_core v0.9.5
   Compiling indexmap v2.14.0
   Compiling bitflags v2.13.1
   Compiling utf-8 v0.7.6
   Compiling memchr v2.8.3
   Compiling data-encoding v2.11.0
   Compiling ryu v1.0.23
   Compiling webpki-roots v0.26.11
   Compiling ring v0.17.14
   Compiling http-body v1.1.0
   Compiling http-body-util v0.1.4
   Compiling crypto-common v0.1.7
   Compiling block-buffer v0.10.4
   Compiling digest v0.10.7
   Compiling sha1 v0.10.7
   Compiling thiserror-impl v2.0.19
   Compiling serde_derive v1.0.229
   Compiling marketfeed-model v0.1.0 (/Users/s1kor/dev/apps/cryptofeed-ops-w3/crates/model)
   Compiling marketfeed-adapter-api v0.1.0 (/Users/s1kor/dev/apps/cryptofeed-ops-w3/crates/adapter-api)
   Compiling marketfeed-book v0.1.0 (/Users/s1kor/dev/apps/cryptofeed-ops-w3/crates/book)
   Compiling ppv-lite86 v0.2.21
   Compiling marketfeed-dispatch v0.1.0 (/Users/s1kor/dev/apps/cryptofeed-ops-w3/crates/dispatch)
   Compiling marketfeed-recording v0.1.0 (/Users/s1kor/dev/apps/cryptofeed-ops-w3/crates/recording)
   Compiling marketfeed-adapter-testkit v0.1.0 (/Users/s1kor/dev/apps/cryptofeed-ops-w3/crates/adapter-testkit)
   Compiling rand_chacha v0.9.0
   Compiling synstructure v0.13.2
   Compiling rand v0.9.5
   Compiling marketfeed-replay v0.1.0 (/Users/s1kor/dev/apps/cryptofeed-ops-w3/crates/replay)
   Compiling zerofrom-derive v0.1.7
   Compiling yoke-derive v0.8.2
   Compiling zerovec-derive v0.11.3
   Compiling displaydoc v0.2.6
   Compiling tokio-macros v2.7.1
   Compiling tracing-attributes v0.1.31
   Compiling rustls-webpki v0.103.13
   Compiling tokio v1.53.1
   Compiling serde_urlencoded v0.7.1
   Compiling marketfeed-adapter-binance v0.1.0 (/Users/s1kor/dev/apps/cryptofeed-ops-w3/crates/adapters/binance)
   Compiling zerofrom v0.1.8
   Compiling tracing v0.1.44
   Compiling yoke v0.8.3
   Compiling marketfeed-sinks v0.1.0 (/Users/s1kor/dev/apps/cryptofeed-ops-w3/crates/sinks)
   Compiling zerovec v0.11.6
   Compiling zerotrie v0.2.4
   Compiling tinystr v0.8.3
   Compiling potential_utf v0.1.5
   Compiling icu_collections v2.2.0
   Compiling icu_locale_core v2.2.0
   Compiling icu_provider v2.2.0
   Compiling icu_normalizer v2.2.0
   Compiling icu_properties v2.2.0
   Compiling tokio-util v0.7.19
   Compiling tower v0.5.3
   Compiling idna_adapter v1.2.2
   Compiling tokio-rustls v0.26.4
   Compiling tungstenite v0.26.2
   Compiling idna v1.1.0
   Compiling url v2.5.8
   Compiling h2 v0.4.15
   Compiling tokio-tungstenite v0.26.2
   Compiling tower-http v0.6.11
   Compiling hyper v1.11.0
   Compiling hyper-util v0.1.20
   Compiling hyper-rustls v0.27.9
   Compiling reqwest v0.12.28
   Compiling marketfeed-transport v0.1.0 (/Users/s1kor/dev/apps/cryptofeed-ops-w3/crates/transport)
   Compiling marketfeed-engine v0.1.0 (/Users/s1kor/dev/apps/cryptofeed-ops-w3/crates/engine)
    Finished `test` profile [unoptimized + debuginfo] target(s) in 36.19s
     Running tests/live_ignored.rs (/Users/s1kor/dev/apps/cryptofeed-ops-w3/target/debug/deps/live_ignored-d03519c484cc07bb)

running 2 tests
test live_binance_spot_reconnect_probe ... ok
test live_binance_spot_trade_or_quote ... ok

test result: ok. 2 passed; 0 failed; 0 ignored; 0 measured; 0 filtered out; finished in 15.00s

EXIT=0
